
[1m[30m[46m RUN [49m[39m[22m [36mv4.1.9 [39m[90mC:/Ai WORKSPACE/UsTogether[39m

 [32mΓ£ô[39m tests/unit/ratelimit.test.ts [2m([22m[2m6 tests[22m[2m)[22m[32m 8[2mms[22m[39m
 [32mΓ£ô[39m tests/unit/firestore-helpers.test.ts [2m([22m[2m3 tests[22m[2m)[22m[32m 4[2mms[22m[39m
 [32mΓ£ô[39m tests/unit/achievements.test.ts [2m([22m[2m10 tests[22m[2m)[22m[32m 8[2mms[22m[39m
 [32mΓ£ô[39m tests/unit/streak.test.ts [2m([22m[2m8 tests[22m[2m)[22m[32m 52[2mms[22m[39m
node.exe : [90mstderr[2m | tests/unit/authprovider.test.ts[2m > [22m[2mAuthProvider[2m > [22m[2mshould handle 
Firestore snapshot errors gracefully
At line:1 char:1
+ & "C:\Program Files\nodejs/node.exe" "C:\Users\adnan\AppData\Roaming\ ...
+ ~~~~~~~~~~~~~~~~~~~~~~~~~~~~~~~~~~~~~~~~~~~~~~~~~~~~~~~~~~~~~~~~~~~~~
    + CategoryInfo          : NotSpecified: ([90mstderr[2m...rors gracefully:String) [], RemoteException
    + FullyQualifiedErrorId : NativeCommandError
 
[22m[39mAuth snapshot error: Error: Firestore error
    at Timeout._onTimeout (C:/Ai WORKSPACE/UsTogether/tests/unit/authprovider.test.ts:204:38)
[90m    at listOnTimeout (node:internal/timers:605:17)[39m
[90m    at processTimers (node:internal/timers:541:7)[39m

 [32mΓ£ô[39m tests/unit/authprovider.test.ts [2m([22m[2m6 tests[22m[2m)[22m[32m 196[2mms[22m[39m

[2m Test Files [22m [1m[32m5 passed[39m[22m[90m (5)[39m
[2m      Tests [22m [1m[32m33 passed[39m[22m[90m (33)[39m
[2m   Start at [22m 11:09:12
[2m   Duration [22m 2.38s[2m (transform 242ms, setup 0ms, import 879ms, tests 268ms, environment 8.09s)[22m

